// Vitest Snapshot v1, https://vitest.dev/guide/snapshot.html

exports[`pointersTable > snapshot with 3 tie points 1`] = `
"<!---->
    <table class="as-pointers-table">
      <thead>
        <tr>
          <th>Distorted: Dist Depth</th>
          <th>Reference: Ref Age</th>
        </tr>
      </thead>
      <tbody>
        <!---->
          <tr>
            <td>0.000000</td>
            <td>0.000000</td>
          </tr>
        <!----><!---->
          <tr>
            <td>12.000000</td>
            <td>10.000000</td>
          </tr>
        <!----><!---->
          <tr>
            <td>22.000000</td>
            <td>20.000000</td>
          </tr>
        <!---->
      </tbody>
    </table>
  "
`;
