// Vitest Snapshot v1, https://vitest.dev/guide/snapshot.html

exports[`pointersTable > snapshot with 3 tie points 1`] = `
"<!---->
    <table class="as-data-table" style="width:100%; border-collapse:collapse">
      <thead>
        <tr>
          <th style="font-style:italic;padding:4px 8px;border-bottom:2px solid #ccc;text-align:right;">Distorted: Dist Depth</th>
          <th style="font-style:italic;padding:4px 8px;border-bottom:2px solid #ccc;text-align:right;">Reference: Ref Age</th>
        </tr>
      </thead>
      <tbody>
        <!---->
          <tr style="background-color:white;">
            <td style="padding:2px 8px;text-align:right;font-family:monospace;">0.000000</td>
            <td style="padding:2px 8px;text-align:right;font-family:monospace;">0.000000</td>
          </tr>
        <!----><!---->
          <tr style="background-color:whitesmoke;">
            <td style="padding:2px 8px;text-align:right;font-family:monospace;">12.000000</td>
            <td style="padding:2px 8px;text-align:right;font-family:monospace;">10.000000</td>
          </tr>
        <!----><!---->
          <tr style="background-color:white;">
            <td style="padding:2px 8px;text-align:right;font-family:monospace;">22.000000</td>
            <td style="padding:2px 8px;text-align:right;font-family:monospace;">20.000000</td>
          </tr>
        <!---->
      </tbody>
    </table>
  "
`;
