// Vitest Snapshot v1, https://vitest.dev/guide/snapshot.html

exports[`createDisplaySingleWindow > snapshot of tab bar 1`] = `"<button class="as-tab-inner as-tab-inner-active" data-tab-id="data">Data</button><button class="as-tab-inner" data-tab-id="stats">Stats</button><button class="as-tab-inner" data-tab-id="plot">Plot</button><button class="as-tab-inner" data-tab-id="info">Info</button>"`;
